---
:id: aHR0cDovL3d3dy5hc3Nlcm8uY28udWsvQ0hJTiMxMjM0LTU2NzgtOTAxMi0zNDU2
:reference: R
:description: D
:previous:
- :parent:
    :id: aHR0cDovL3d3dy5jZGlzYy5vcmcvQzc0NDU2L1Y0MiNDNzQ0NTY=
    :identifier: C74456
    :notation: LOC
    :semantic_version: 42.0.0
  :child:
    :id: aHR0cDovL3d3dy5jZGlzYy5vcmcvQzc0NDU2L1YzNyNDNzQ0NTZfQzMyOTU1
    :identifier: C32955
    :notation: CEREBRAL HEMISPHERE, LEFT
    :rdf_type: http://www.assero.co.uk/Thesaurus#UnmanagedConcept
:current:
- :parent:
    :id: aHR0cDovL3d3dy5jZGlzYy5vcmcvQzk2Nzc5L1YzMyNDOTY3Nzk=
    :identifier: C96779
    :notation: TRTESTCD
    :semantic_version: 33.0.0
    :rdf_type: http://www.assero.co.uk/Thesaurus#ManagedConcept
