---
- :id: aHR0cDovL3d3dy5hc3Nlcm8uY28udWsvVFAjMzI5NWZhZTE5NTFhNmE3ODRmZDNlYWM4ZjRlMDZiY2IzYzA4ZmRiZg==
  :epoch_id: aHR0cDovL3d3dy5hc3Nlcm8uY28udWsvRVAjODY3Y2MyYzgtMGEzMi00MmVhLThjOGQtYTQ4NDM5MzU5ZjA4
  :element_id: aHR0cDovL3d3dy5hc3Nlcm8uY28udWsvRUxFI2U4NDE4YTU1LWVkZGQtNGVlZi1iYWNmLTI2OTM1M2I3NTU3MA==
  :visit_id: aHR0cDovL3d3dy5hc3Nlcm8uY28udWsvVkkjZTk2YTIxNDUyNzcxNzFhMGMzZjVkZWRkZWY0ZjQwMGMyZTY5MzEyMw==
  :unit: Weeks
  :biomedical_concepts: []
  :baseline: false
  :offset: 56
- :id: aHR0cDovL3d3dy5hc3Nlcm8uY28udWsvVFAjNWU2ZWYyZTI2MjFhODc0M2E4MzVjMTMwZjUyYjIyNmMzZGY3NzRhZA==
  :epoch_id: aHR0cDovL3d3dy5hc3Nlcm8uY28udWsvRVAjODY3Y2MyYzgtMGEzMi00MmVhLThjOGQtYTQ4NDM5MzU5ZjA4
  :element_id: aHR0cDovL3d3dy5hc3Nlcm8uY28udWsvRUxFI2U4NDE4YTU1LWVkZGQtNGVlZi1iYWNmLTI2OTM1M2I3NTU3MA==
  :visit_id: aHR0cDovL3d3dy5hc3Nlcm8uY28udWsvVkkjMjJiMGYwYzhkNjIxOGNiYzllMTBhYjFiOTFjOWUxZjgwMGNiNGY4Mw==
  :unit: Weeks
  :biomedical_concepts: []
  :baseline: false
  :offset: 112
- :id: aHR0cDovL3d3dy5hc3Nlcm8uY28udWsvVFAjMzA5ZDQ0MThjMzU4MzdkMmRkNzVkYWRmYjkwYTYxYzIxNjVlZGQ3MA==
  :epoch_id: aHR0cDovL3d3dy5hc3Nlcm8uY28udWsvRVAjODY3Y2MyYzgtMGEzMi00MmVhLThjOGQtYTQ4NDM5MzU5ZjA4
  :element_id: aHR0cDovL3d3dy5hc3Nlcm8uY28udWsvRUxFI2U4NDE4YTU1LWVkZGQtNGVlZi1iYWNmLTI2OTM1M2I3NTU3MA==
  :visit_id: aHR0cDovL3d3dy5hc3Nlcm8uY28udWsvVkkjNDA5YTJlNzlhMGI5NTQ1NjkyNjkwNTU2ODllYmU0MDUzYWRkNTI5Mg==
  :unit: Weeks
  :biomedical_concepts: []
  :baseline: false
  :offset: 168
- :id: aHR0cDovL3d3dy5hc3Nlcm8uY28udWsvVFAjMWFlY2NiNDA1ODFlZTdkZjlkZWQ2M2YxNWEzMDU2OTUwMzYxZWJhNA==
  :epoch_id: aHR0cDovL3d3dy5hc3Nlcm8uY28udWsvRVAjZGJlZWRlNDUtM2Y4ZC00YWEyLWFlZjUtZWE5MGQyZTg0NGNi
  :element_id: aHR0cDovL3d3dy5hc3Nlcm8uY28udWsvRUxFI2VkOWViMTg5LWVmZDEtNDIwNC1iODcxLTllOWZkZGUyM2M1NA==
  :visit_id: aHR0cDovL3d3dy5hc3Nlcm8uY28udWsvVkkjY2RlNzgyYmU4YjY3NTE0NGIxYzNhNDEzZDk1MmU1MDU4Y2E1M2QzOA==
  :unit: Weeks
  :biomedical_concepts: []
  :baseline: false
  :offset: 0
