PREFIX isoR: <http://www.assero.co.uk/ISO11179Registration#>
PREFIX mdrItems: <http://www.assero.co.uk/MDRItems#>
PREFIX rdf: <http://www.w3.org/1999/02/22-rdf-syntax-ns#>
PREFIX rdfs: <http://www.w3.org/2000/01/rdf-schema#>
PREFIX xsd: <http://www.w3.org/2001/XMLSchema#>
PREFIX skos: <http://www.w3.org/2004/02/skos/core#>
INSERT DATA 
{ 
<http://www.assero.co.uk/MDRItems#RS-TEST_3-4> rdf:type isoR:RegistrationState . 
<http://www.assero.co.uk/MDRItems#RS-TEST_3-4> isoR:byAuthority mdrItems:DUNS123456789 . 
<http://www.assero.co.uk/MDRItems#RS-TEST_3-4> isoR:registrationStatus "Retired"^^xsd:string . 
<http://www.assero.co.uk/MDRItems#RS-TEST_3-4> isoR:administrativeNote "X1"^^xsd:string . 
<http://www.assero.co.uk/MDRItems#RS-TEST_3-4> isoR:effectiveDate "2016-01-01T00:00:00%2B00:00"^^xsd:dateTime . 
<http://www.assero.co.uk/MDRItems#RS-TEST_3-4> isoR:untilDate "2016-01-01T00:00:00%2B00:00"^^xsd:dateTime . 
<http://www.assero.co.uk/MDRItems#RS-TEST_3-4> isoR:unresolvedIssue "X2"^^xsd:string . 
<http://www.assero.co.uk/MDRItems#RS-TEST_3-4> isoR:administrativeStatus ""^^xsd:string . 
<http://www.assero.co.uk/MDRItems#RS-TEST_3-4> isoR:previousState "Standard"^^xsd:string . 
}