---
http://www.sanofi.com/2019_R1/V1#TH:
- http://www.sanofi.com/C66767/V1#C66767
- http://www.sanofi.com/SN000730/V1#SN000730
- http://www.sanofi.com/SN000005/V1#SN000005
- http://www.sanofi.com/SN000018/V1#SN000018
- http://www.sanofi.com/SN000020/V1#SN000020
- http://www.sanofi.com/SN000021/V1#SN000021
- http://www.sanofi.com/SN000082/V1#SN000082
- http://www.sanofi.com/SN000081/V1#SN000081
- http://www.sanofi.com/SN000085/V1#SN000085
- http://www.sanofi.com/SN000084/V1#SN000084
- http://www.sanofi.com/SN000083/V1#SN000083
- http://www.sanofi.com/SN000086/V1#SN000086
- http://www.sanofi.com/SN001030/V1#SN001030
- http://www.sanofi.com/SN001073/V1#SN001073
- http://www.sanofi.com/SN001072/V1#SN001072
- http://www.sanofi.com/C66784/V1#C66784
- http://www.sanofi.com/C87162/V1#C87162
- http://www.sanofi.com/SN001020/V1#SN001020
- http://www.sanofi.com/SN001915/V1#SN001915
- http://www.sanofi.com/SN000193/V1#SN000193
- http://www.sanofi.com/SN000193/V1#SN000193
- http://www.sanofi.com/SN000919/V1#SN000919
- http://www.sanofi.com/SN000920/V1#SN000920
- http://www.sanofi.com/SN000921/V1#SN000921
- http://www.sanofi.com/SN000922/V1#SN000922
- http://www.sanofi.com/SN000923/V1#SN000923
- http://www.sanofi.com/SN000737/V1#SN000737
- http://www.sanofi.com/SN000393/V1#SN000393
- http://www.sanofi.com/SN000394/V1#SN000394
- http://www.sanofi.com/C66768/V1#C66768
- http://www.sanofi.com/SN000407/V1#SN000407
- http://www.sanofi.com/SN000924/V1#SN000924
- http://www.sanofi.com/C74457/V1#C74457
- http://www.sanofi.com/SN000012/V1#SN000012
- http://www.sanofi.com/SN000013/V1#SN000013
- http://www.sanofi.com/SN000012/V1#SN000012
- http://www.sanofi.com/C66769/V1#C66769
- http://www.sanofi.com/SN000015/V1#SN000015
- http://www.sanofi.com/SN000548/V1#SN000548
- http://www.sanofi.com/SN000551/V1#SN000551
- http://www.sanofi.com/SN000549/V1#SN000549
- http://www.sanofi.com/SN000550/V1#SN000550
- http://www.sanofi.com/SN000556/V1#SN000556
http://www.sanofi.com/2020_R1/V1#TH:
- http://www.sanofi.com/C66767/V1#C66767
- http://www.sanofi.com/SN000730/V2#SN000730
- http://www.sanofi.com/SN000005/V2#SN000005
- http://www.sanofi.com/SN000018/V1#SN000018
- http://www.sanofi.com/SN000020/V1#SN000020
- http://www.sanofi.com/SN000021/V1#SN000021
- http://www.sanofi.com/SN001260/V1#SN001260
- http://www.sanofi.com/SN001259/V1#SN001259
- http://www.sanofi.com/SN001264/V1#SN001264
- http://www.sanofi.com/SN001263/V1#SN001263
- http://www.sanofi.com/SN001262/V1#SN001262
- http://www.sanofi.com/SN001261/V1#SN001261
- http://www.sanofi.com/SN001030/V2#SN001030
- http://www.sanofi.com/SN001073/V1#SN001073
- http://www.sanofi.com/SN001072/V2#SN001072
- http://www.sanofi.com/SN001030/V2#SN001030
- http://www.sanofi.com/SN001020/V2#SN001020
- http://www.sanofi.com/SN001915/V2#SN001915
- http://www.sanofi.com/SN000193/V1#SN000193
- http://www.sanofi.com/SN000193/V1#SN000193
- http://www.sanofi.com/SN000155/V1#SN000155
- http://www.sanofi.com/SN000156/V1#SN000156
- http://www.sanofi.com/SN000157/V1#SN000157
- http://www.sanofi.com/SN000158/V1#SN000158
- http://www.sanofi.com/SN000159/V1#SN000159
- http://www.sanofi.com/SN000919/V2#SN000919
- http://www.sanofi.com/SN000920/V2#SN000920
- http://www.sanofi.com/SN000921/V2#SN000921
- http://www.sanofi.com/SN000922/V2#SN000922
- http://www.sanofi.com/SN000923/V2#SN000923
- http://www.sanofi.com/SN000737/V1#SN000737
- http://www.sanofi.com/SN001226/V1#SN001226
- http://www.sanofi.com/SN000393/V2#SN000393
- http://www.sanofi.com/SN000394/V2#SN000394
- http://www.sanofi.com/C66768/V1#C66768
- http://www.sanofi.com/SN000407/V1#SN000407
- http://www.sanofi.com/SN000924/V1#SN000924
- http://www.sanofi.com/SN000012/V1#SN000012
- http://www.sanofi.com/SN000013/V1#SN000013
- http://www.sanofi.com/SN000012/V1#SN000012
- http://www.sanofi.com/C66769/V1#C66769
- http://www.sanofi.com/SN000015/V1#SN000015
- http://www.sanofi.com/SN000548/V1#SN000548
- http://www.sanofi.com/SN000551/V1#SN000551
- http://www.sanofi.com/SN000549/V1#SN000549
- http://www.sanofi.com/SN000550/V1#SN000550
- http://www.sanofi.com/SN000556/V1#SN000556
