---
:type: http://www.assero.co.uk/BusinessDomain#UserDomain
:id: D-ACME_VSDomain
:namespace: http://www.assero.co.uk/MDRSdtmUD/ACME/V1
:label: Vital Signs
:extension_properties: []
:origin: ''
:change_description: ''
:creation_date: '2017-12-14T19:45:16+00:00'
:last_changed_date: '2017-12-14T19:45:16+00:00'
:explanatory_comment: ''
:registration_state:
  :namespace: http://www.assero.co.uk/MDRItems
  :id: RS-ACME_VSDomain-1
  :registration_authority:
    :id: aHR0cDovL3d3dy5hc3Nlcm8uY28udWsvUkEjRFVOUzEyMzQ1Njc4OQ==
    :uri: http://www.assero.co.uk/RA#DUNS123456789
    :rdf_type: http://www.assero.co.uk/ISO11179Registration#RegistrationAuthority
    :organization_identifier: '123456789'
    :international_code_designator: DUNS
    :owner: true
    :ra_namespace:
      :id: aHR0cDovL3d3dy5hc3Nlcm8uY28udWsvTlMjQUNNRQ==
      :uri: http://www.assero.co.uk/NS#ACME
      :rdf_type: http://www.assero.co.uk/ISO11179Identification#Namespace
      :short_name: ACME
      :name: ACME Pharma
      :authority: www.acme-pharma.com
  :registration_status: Incomplete
  :administrative_note: ''
  :effective_date: '2016-01-01T00:00:00+00:00'
  :until_date: '2016-01-01T00:00:00+00:00'
  :current: false
  :unresolved_issue: ''
  :administrative_status: ''
  :previous_state: Incomplete
:scoped_identifier:
  :id: SI-ACME_VSDomain-1
  :identifier: VS Domain
  :version_label: ''
  :version: 1
  :semantic_version: 0.1.0
  :namespace:
    :id: aHR0cDovL3d3dy5hc3Nlcm8uY28udWsvTlMjQUNNRQ==
    :uri: http://www.assero.co.uk/NS#ACME
    :rdf_type: http://www.assero.co.uk/ISO11179Identification#Namespace
    :short_name: ACME
    :name: ACME Pharma
    :authority: www.acme-pharma.com
:ordinal: 1
:rule: ''
