---
:id: 
:uri: {}
:rdf_type: http://www.assero.co.uk/Annotations#ChangeInstruction
:label: Change Instruction
:reference: ''
:description: The comments
:current: []
:by_authority: 
:ordinal: 1
:semantic: ''
:previous: []
