---
:type: http://www.assero.co.uk/BusinessDomain#ClassVariable
:id: M-CDISC_SDTMMODEL_EVENTS_xxSCAT
:namespace: http://www.assero.co.uk/MDRSdtmMd/CDISC/V3
:label: Subcategory
:extension_properties: []
:ordinal: 23
:rule: ''
:variable_ref:
  :type: http://www.assero.co.uk/BusinessOperational#CReference
  :id: M-CDISC_SDTMMODEL_EVENTS_xxSCAT_CR
  :namespace: http://www.assero.co.uk/MDRSdtmMd/CDISC/V3
  :label: ''
  :extension_properties: []
  :enabled: true
  :optional: false
  :ordinal: 23
  :local_label: ''
  :subject_ref:
    :namespace: http://www.assero.co.uk/MDRSdtmM/CDISC/V3
    :id: M-CDISC_SDTMMODEL_xxSCAT
