PREFIX cbc: <http://www.assero.co.uk/CDISCBiomedicalConcept#>
PREFIX rdf: <http://www.w3.org/1999/02/22-rdf-syntax-ns#>
PREFIX rdfs: <http://www.w3.org/2000/01/rdf-schema#>
PREFIX xsd: <http://www.w3.org/2001/XMLSchema#>
PREFIX skos: <http://www.w3.org/2004/02/skos/core#>
INSERT DATA 
{ 
<http://www.example.com/path#XXX_I1> rdf:type <http://www.example.com/path#rdf_test_type> . 
<http://www.example.com/path#XXX_I1> rdfs:label "test label"^^xsd:string . 
<http://www.example.com/path#XXX_I1> cbc:ordinal "1"^^xsd:positiveInteger . 
<http://www.example.com/path#XXX_I1> cbc:alias "Note"^^xsd:string . 
<http://www.example.com/path#XXX_I1> cbc:bridg_class "Class"^^xsd:string . 
<http://www.example.com/path#XXX_I1> cbc:bridg_attribute "Attribute"^^xsd:string . 
<http://www.example.com/path#XXX_I1_DT1> rdf:type <http://www.assero.co.uk/CDISCBiomedicalConcept#Datatype> . 
<http://www.example.com/path#XXX_I1_DT1> rdfs:label ""^^xsd:string . 
<http://www.example.com/path#XXX_I1_DT1> cbc:ordinal "1"^^xsd:positiveInteger . 
<http://www.example.com/path#XXX_I1_DT1> cbc:alias ""^^xsd:string . 
<http://www.example.com/path#XXX_I1_DT1> cbc:iso21090_datatype ""^^xsd:string . 
<http://www.example.com/path#XXX_I1> cbc:hasDatatype <http://www.example.com/path#XXX_I1_DT1> . 
}