---
:id: aHR0cDovL3d3dy5hc3Nlcm8uY28udWsvTURSU2R0bUlnRC9DRElTQy9WMyNJRy1DRElTQ19TRFRNSUdBRQ==
:uri: http://www.assero.co.uk/MDRSdtmIgD/CDISC/V3#IG-CDISC_SDTMIGAE
:rdf_type: http://www.assero.co.uk/Tabulation#SdtmDomain
:label: Adverse Events
:tagged: []
:has_state:
  :id: aHR0cDovL3d3dy5hc3Nlcm8uY28udWsvTURSSXRlbXMjUlMtQ0RJU0NfU0RUTUlHQUUtMw==
  :uri: http://www.assero.co.uk/MDRItems#RS-CDISC_SDTMIGAE-3
  :rdf_type: http://www.assero.co.uk/ISO11179Registration#RegistrationState
  :registration_status: Standard
  :administrative_note: ''
  :effective_date: '2016-01-01T00:00:00+00:00'
  :until_date: '2016-01-01T00:00:00+00:00'
  :unresolved_issue: ''
  :administrative_status: ''
  :previous_state: Incomplete
  :multiple_edit: false
  :by_authority:
    :id: aHR0cDovL3d3dy5hc3Nlcm8uY28udWsvUkEjRFVOUzA4NDQzMzc1OQ==
    :uri: http://www.assero.co.uk/RA#DUNS084433759
    :rdf_type: http://www.assero.co.uk/ISO11179Registration#RegistrationAuthority
    :organization_identifier: '084433759'
    :international_code_designator: DUNS
    :owner: false
    :ra_namespace:
      :id: aHR0cDovL3d3dy5hc3Nlcm8uY28udWsvTlMjQ0RJU0M=
      :uri: http://www.assero.co.uk/NS#CDISC
      :rdf_type: http://www.assero.co.uk/ISO11179Identification#Namespace
      :short_name: CDISC
      :name: Clinical Data Interchange Standards Consortium
      :authority: www.cdisc.org
:has_identifier:
  :id: aHR0cDovL3d3dy5hc3Nlcm8uY28udWsvTURSSXRlbXMjU0ktQ0RJU0NfU0RUTUlHQUUtMw==
  :uri: http://www.assero.co.uk/MDRItems#SI-CDISC_SDTMIGAE-3
  :rdf_type: http://www.assero.co.uk/ISO11179Identification#ScopedIdentifier
  :identifier: SDTM IG AE
  :version_label: '3.2'
  :version: 3
  :semantic_version: 3.2.0
  :has_scope:
    :id: aHR0cDovL3d3dy5hc3Nlcm8uY28udWsvTlMjQ0RJU0M=
    :uri: http://www.assero.co.uk/NS#CDISC
    :rdf_type: http://www.assero.co.uk/ISO11179Identification#Namespace
    :short_name: CDISC
    :name: Clinical Data Interchange Standards Consortium
    :authority: www.cdisc.org
:has_previous_version: 
:origin: ''
:change_description: ''
:creation_date: '2013-11-26T00:00:00+00:00'
:last_change_date: '2013-11-26T00:00:00+00:00'
:explanatory_comment: ''
:rule: ''
:ordinal: 1
:includes_column: []
:prefix: ''
:structure: ''
:has_biomedical_concept: []
:based_on_class: 
