---
- "<http://www.assero.co.uk/ISO11179Concepts#tagged>"
- "<http://www.assero.co.uk/ISO11179Types#hasState>"
- "<http://www.assero.co.uk/ISO11179Types#hasState>/<http://www.assero.co.uk/ISO11179Registration#byAuthority>"
- "<http://www.assero.co.uk/ISO11179Types#hasState>/<http://www.assero.co.uk/ISO11179Registration#byAuthority>/<http://www.assero.co.uk/ISO11179Registration#raNamespace>"
- "<http://www.assero.co.uk/ISO11179Types#hasIdentifier>"
- "<http://www.assero.co.uk/ISO11179Types#hasIdentifier>/<http://www.assero.co.uk/ISO11179Identification#hasScope>"
- "<http://www.assero.co.uk/BusinessForm#hasGroup>"
- "<http://www.assero.co.uk/BusinessForm#hasGroup>/<http://www.assero.co.uk/ISO11179Concepts#tagged>"
- "<http://www.assero.co.uk/BusinessForm#hasGroup>/<http://www.assero.co.uk/BusinessForm#hasItem>"
- "<http://www.assero.co.uk/BusinessForm#hasGroup>/<http://www.assero.co.uk/BusinessForm#hasItem>/<http://www.assero.co.uk/ISO11179Concepts#tagged>"
- "<http://www.assero.co.uk/BusinessForm#hasGroup>/<http://www.assero.co.uk/BusinessForm#hasItem>/<http://www.assero.co.uk/BusinessForm#hasProperty>"
- "<http://www.assero.co.uk/BusinessForm#hasGroup>/<http://www.assero.co.uk/BusinessForm#hasItem>/<http://www.assero.co.uk/BusinessForm#hasCodedValue>"
- "<http://www.assero.co.uk/BusinessForm#hasGroup>/<http://www.assero.co.uk/BusinessForm#hasItem>/<http://www.assero.co.uk/BusinessForm#hasCodedValue>/<http://www.assero.co.uk/ISO11179Concepts#tagged>"
- "<http://www.assero.co.uk/BusinessForm#hasGroup>/<http://www.assero.co.uk/BusinessForm#hasItem>/<http://www.assero.co.uk/BusinessForm#hasCommonItem>"
- "<http://www.assero.co.uk/BusinessForm#hasGroup>/<http://www.assero.co.uk/BusinessForm#hasItem>/<http://www.assero.co.uk/BusinessForm#hasCommonItem>/<http://www.assero.co.uk/ISO11179Concepts#tagged>"
- "<http://www.assero.co.uk/BusinessForm#hasGroup>/<http://www.assero.co.uk/BusinessForm#hasItem>/<http://www.assero.co.uk/BusinessForm#hasCommonItem>/<http://www.assero.co.uk/BusinessForm#hasProperty>"
- "<http://www.assero.co.uk/BusinessForm#hasGroup>/<http://www.assero.co.uk/BusinessForm#hasItem>/<http://www.assero.co.uk/BusinessForm#hasCommonItem>/<http://www.assero.co.uk/BusinessForm#hasCodedValue>"
- "<http://www.assero.co.uk/BusinessForm#hasGroup>/<http://www.assero.co.uk/BusinessForm#hasItem>/<http://www.assero.co.uk/BusinessForm#hasCommonItem>/<http://www.assero.co.uk/BusinessForm#hasCodedValue>/<http://www.assero.co.uk/ISO11179Concepts#tagged>"
- "<http://www.assero.co.uk/BusinessForm#hasGroup>/<http://www.assero.co.uk/BusinessForm#hasSubGroup>*"
- "<http://www.assero.co.uk/BusinessForm#hasGroup>/<http://www.assero.co.uk/BusinessForm#hasSubGroup>*/<http://www.assero.co.uk/ISO11179Concepts#tagged>"
- "<http://www.assero.co.uk/BusinessForm#hasGroup>/<http://www.assero.co.uk/BusinessForm#hasSubGroup>*/<http://www.assero.co.uk/BusinessForm#hasItem>"
- "<http://www.assero.co.uk/BusinessForm#hasGroup>/<http://www.assero.co.uk/BusinessForm#hasSubGroup>*/<http://www.assero.co.uk/BusinessForm#hasItem>/<http://www.assero.co.uk/ISO11179Concepts#tagged>"
- "<http://www.assero.co.uk/BusinessForm#hasGroup>/<http://www.assero.co.uk/BusinessForm#hasSubGroup>*/<http://www.assero.co.uk/BusinessForm#hasItem>/<http://www.assero.co.uk/BusinessForm#hasProperty>"
- "<http://www.assero.co.uk/BusinessForm#hasGroup>/<http://www.assero.co.uk/BusinessForm#hasSubGroup>*/<http://www.assero.co.uk/BusinessForm#hasItem>/<http://www.assero.co.uk/BusinessForm#hasCodedValue>"
- "<http://www.assero.co.uk/BusinessForm#hasGroup>/<http://www.assero.co.uk/BusinessForm#hasSubGroup>*/<http://www.assero.co.uk/BusinessForm#hasItem>/<http://www.assero.co.uk/BusinessForm#hasCodedValue>/<http://www.assero.co.uk/ISO11179Concepts#tagged>"
- "<http://www.assero.co.uk/BusinessForm#hasGroup>/<http://www.assero.co.uk/BusinessForm#hasSubGroup>*/<http://www.assero.co.uk/BusinessForm#hasItem>/<http://www.assero.co.uk/BusinessForm#hasCommonItem>"
- "<http://www.assero.co.uk/BusinessForm#hasGroup>/<http://www.assero.co.uk/BusinessForm#hasSubGroup>*/<http://www.assero.co.uk/BusinessForm#hasItem>/<http://www.assero.co.uk/BusinessForm#hasCommonItem>/<http://www.assero.co.uk/ISO11179Concepts#tagged>"
- "<http://www.assero.co.uk/BusinessForm#hasGroup>/<http://www.assero.co.uk/BusinessForm#hasSubGroup>*/<http://www.assero.co.uk/BusinessForm#hasItem>/<http://www.assero.co.uk/BusinessForm#hasCommonItem>/<http://www.assero.co.uk/BusinessForm#hasProperty>"
- "<http://www.assero.co.uk/BusinessForm#hasGroup>/<http://www.assero.co.uk/BusinessForm#hasSubGroup>*/<http://www.assero.co.uk/BusinessForm#hasItem>/<http://www.assero.co.uk/BusinessForm#hasCommonItem>/<http://www.assero.co.uk/BusinessForm#hasCodedValue>"
- "<http://www.assero.co.uk/BusinessForm#hasGroup>/<http://www.assero.co.uk/BusinessForm#hasSubGroup>*/<http://www.assero.co.uk/BusinessForm#hasItem>/<http://www.assero.co.uk/BusinessForm#hasCommonItem>/<http://www.assero.co.uk/BusinessForm#hasCodedValue>/<http://www.assero.co.uk/ISO11179Concepts#tagged>"
- "<http://www.assero.co.uk/BusinessForm#hasGroup>/<http://www.assero.co.uk/BusinessForm#hasSubGroup>*/<http://www.assero.co.uk/BusinessForm#hasSubGroup>"
- "<http://www.assero.co.uk/BusinessForm#hasGroup>/<http://www.assero.co.uk/BusinessForm#hasSubGroup>*/<http://www.assero.co.uk/BusinessForm#hasSubGroup>/<http://www.assero.co.uk/ISO11179Concepts#tagged>"
- "<http://www.assero.co.uk/BusinessForm#hasGroup>/<http://www.assero.co.uk/BusinessForm#hasSubGroup>*/<http://www.assero.co.uk/BusinessForm#hasSubGroup>/<http://www.assero.co.uk/BusinessForm#hasItem>"
- "<http://www.assero.co.uk/BusinessForm#hasGroup>/<http://www.assero.co.uk/BusinessForm#hasSubGroup>*/<http://www.assero.co.uk/BusinessForm#hasSubGroup>/<http://www.assero.co.uk/BusinessForm#hasItem>/<http://www.assero.co.uk/ISO11179Concepts#tagged>"
- "<http://www.assero.co.uk/BusinessForm#hasGroup>/<http://www.assero.co.uk/BusinessForm#hasSubGroup>*/<http://www.assero.co.uk/BusinessForm#hasSubGroup>/<http://www.assero.co.uk/BusinessForm#hasItem>/<http://www.assero.co.uk/BusinessForm#hasProperty>"
- "<http://www.assero.co.uk/BusinessForm#hasGroup>/<http://www.assero.co.uk/BusinessForm#hasSubGroup>*/<http://www.assero.co.uk/BusinessForm#hasSubGroup>/<http://www.assero.co.uk/BusinessForm#hasItem>/<http://www.assero.co.uk/BusinessForm#hasCodedValue>"
- "<http://www.assero.co.uk/BusinessForm#hasGroup>/<http://www.assero.co.uk/BusinessForm#hasSubGroup>*/<http://www.assero.co.uk/BusinessForm#hasSubGroup>/<http://www.assero.co.uk/BusinessForm#hasItem>/<http://www.assero.co.uk/BusinessForm#hasCodedValue>/<http://www.assero.co.uk/ISO11179Concepts#tagged>"
- "<http://www.assero.co.uk/BusinessForm#hasGroup>/<http://www.assero.co.uk/BusinessForm#hasSubGroup>*/<http://www.assero.co.uk/BusinessForm#hasSubGroup>/<http://www.assero.co.uk/BusinessForm#hasItem>/<http://www.assero.co.uk/BusinessForm#hasCommonItem>"
- "<http://www.assero.co.uk/BusinessForm#hasGroup>/<http://www.assero.co.uk/BusinessForm#hasSubGroup>*/<http://www.assero.co.uk/BusinessForm#hasSubGroup>/<http://www.assero.co.uk/BusinessForm#hasItem>/<http://www.assero.co.uk/BusinessForm#hasCommonItem>/<http://www.assero.co.uk/ISO11179Concepts#tagged>"
- "<http://www.assero.co.uk/BusinessForm#hasGroup>/<http://www.assero.co.uk/BusinessForm#hasSubGroup>*/<http://www.assero.co.uk/BusinessForm#hasSubGroup>/<http://www.assero.co.uk/BusinessForm#hasItem>/<http://www.assero.co.uk/BusinessForm#hasCommonItem>/<http://www.assero.co.uk/BusinessForm#hasProperty>"
- "<http://www.assero.co.uk/BusinessForm#hasGroup>/<http://www.assero.co.uk/BusinessForm#hasSubGroup>*/<http://www.assero.co.uk/BusinessForm#hasSubGroup>/<http://www.assero.co.uk/BusinessForm#hasItem>/<http://www.assero.co.uk/BusinessForm#hasCommonItem>/<http://www.assero.co.uk/BusinessForm#hasCodedValue>"
- "<http://www.assero.co.uk/BusinessForm#hasGroup>/<http://www.assero.co.uk/BusinessForm#hasSubGroup>*/<http://www.assero.co.uk/BusinessForm#hasSubGroup>/<http://www.assero.co.uk/BusinessForm#hasItem>/<http://www.assero.co.uk/BusinessForm#hasCommonItem>/<http://www.assero.co.uk/BusinessForm#hasCodedValue>/<http://www.assero.co.uk/ISO11179Concepts#tagged>"
- "<http://www.assero.co.uk/BusinessForm#hasGroup>/<http://www.assero.co.uk/BusinessForm#hasSubGroup>*/<http://www.assero.co.uk/BusinessForm#hasSubGroup>/<http://www.assero.co.uk/BusinessForm#hasBiomedicalConcept>"
- "<http://www.assero.co.uk/BusinessForm#hasGroup>/<http://www.assero.co.uk/BusinessForm#hasSubGroup>*/<http://www.assero.co.uk/BusinessForm#hasCommon>"
- "<http://www.assero.co.uk/BusinessForm#hasGroup>/<http://www.assero.co.uk/BusinessForm#hasSubGroup>*/<http://www.assero.co.uk/BusinessForm#hasCommon>/<http://www.assero.co.uk/ISO11179Concepts#tagged>"
- "<http://www.assero.co.uk/BusinessForm#hasGroup>/<http://www.assero.co.uk/BusinessForm#hasSubGroup>*/<http://www.assero.co.uk/BusinessForm#hasCommon>/<http://www.assero.co.uk/BusinessForm#hasItem>"
- "<http://www.assero.co.uk/BusinessForm#hasGroup>/<http://www.assero.co.uk/BusinessForm#hasSubGroup>*/<http://www.assero.co.uk/BusinessForm#hasCommon>/<http://www.assero.co.uk/BusinessForm#hasItem>/<http://www.assero.co.uk/ISO11179Concepts#tagged>"
- "<http://www.assero.co.uk/BusinessForm#hasGroup>/<http://www.assero.co.uk/BusinessForm#hasSubGroup>*/<http://www.assero.co.uk/BusinessForm#hasCommon>/<http://www.assero.co.uk/BusinessForm#hasItem>/<http://www.assero.co.uk/BusinessForm#hasProperty>"
- "<http://www.assero.co.uk/BusinessForm#hasGroup>/<http://www.assero.co.uk/BusinessForm#hasSubGroup>*/<http://www.assero.co.uk/BusinessForm#hasCommon>/<http://www.assero.co.uk/BusinessForm#hasItem>/<http://www.assero.co.uk/BusinessForm#hasCodedValue>"
- "<http://www.assero.co.uk/BusinessForm#hasGroup>/<http://www.assero.co.uk/BusinessForm#hasSubGroup>*/<http://www.assero.co.uk/BusinessForm#hasCommon>/<http://www.assero.co.uk/BusinessForm#hasItem>/<http://www.assero.co.uk/BusinessForm#hasCodedValue>/<http://www.assero.co.uk/ISO11179Concepts#tagged>"
- "<http://www.assero.co.uk/BusinessForm#hasGroup>/<http://www.assero.co.uk/BusinessForm#hasSubGroup>*/<http://www.assero.co.uk/BusinessForm#hasCommon>/<http://www.assero.co.uk/BusinessForm#hasItem>/<http://www.assero.co.uk/BusinessForm#hasCommonItem>"
- "<http://www.assero.co.uk/BusinessForm#hasGroup>/<http://www.assero.co.uk/BusinessForm#hasSubGroup>*/<http://www.assero.co.uk/BusinessForm#hasCommon>/<http://www.assero.co.uk/BusinessForm#hasItem>/<http://www.assero.co.uk/BusinessForm#hasCommonItem>/<http://www.assero.co.uk/ISO11179Concepts#tagged>"
- "<http://www.assero.co.uk/BusinessForm#hasGroup>/<http://www.assero.co.uk/BusinessForm#hasSubGroup>*/<http://www.assero.co.uk/BusinessForm#hasCommon>/<http://www.assero.co.uk/BusinessForm#hasItem>/<http://www.assero.co.uk/BusinessForm#hasCommonItem>/<http://www.assero.co.uk/BusinessForm#hasProperty>"
- "<http://www.assero.co.uk/BusinessForm#hasGroup>/<http://www.assero.co.uk/BusinessForm#hasSubGroup>*/<http://www.assero.co.uk/BusinessForm#hasCommon>/<http://www.assero.co.uk/BusinessForm#hasItem>/<http://www.assero.co.uk/BusinessForm#hasCommonItem>/<http://www.assero.co.uk/BusinessForm#hasCodedValue>"
- "<http://www.assero.co.uk/BusinessForm#hasGroup>/<http://www.assero.co.uk/BusinessForm#hasSubGroup>*/<http://www.assero.co.uk/BusinessForm#hasCommon>/<http://www.assero.co.uk/BusinessForm#hasItem>/<http://www.assero.co.uk/BusinessForm#hasCommonItem>/<http://www.assero.co.uk/BusinessForm#hasCodedValue>/<http://www.assero.co.uk/ISO11179Concepts#tagged>"
- "<http://www.assero.co.uk/BusinessForm#hasGroup>/<http://www.assero.co.uk/BusinessForm#hasSubGroup>"
- "<http://www.assero.co.uk/BusinessForm#hasGroup>/<http://www.assero.co.uk/BusinessForm#hasSubGroup>/<http://www.assero.co.uk/ISO11179Concepts#tagged>"
- "<http://www.assero.co.uk/BusinessForm#hasGroup>/<http://www.assero.co.uk/BusinessForm#hasSubGroup>/<http://www.assero.co.uk/BusinessForm#hasItem>"
- "<http://www.assero.co.uk/BusinessForm#hasGroup>/<http://www.assero.co.uk/BusinessForm#hasSubGroup>/<http://www.assero.co.uk/BusinessForm#hasItem>/<http://www.assero.co.uk/ISO11179Concepts#tagged>"
- "<http://www.assero.co.uk/BusinessForm#hasGroup>/<http://www.assero.co.uk/BusinessForm#hasSubGroup>/<http://www.assero.co.uk/BusinessForm#hasItem>/<http://www.assero.co.uk/BusinessForm#hasProperty>"
- "<http://www.assero.co.uk/BusinessForm#hasGroup>/<http://www.assero.co.uk/BusinessForm#hasSubGroup>/<http://www.assero.co.uk/BusinessForm#hasItem>/<http://www.assero.co.uk/BusinessForm#hasCodedValue>"
- "<http://www.assero.co.uk/BusinessForm#hasGroup>/<http://www.assero.co.uk/BusinessForm#hasSubGroup>/<http://www.assero.co.uk/BusinessForm#hasItem>/<http://www.assero.co.uk/BusinessForm#hasCodedValue>/<http://www.assero.co.uk/ISO11179Concepts#tagged>"
- "<http://www.assero.co.uk/BusinessForm#hasGroup>/<http://www.assero.co.uk/BusinessForm#hasSubGroup>/<http://www.assero.co.uk/BusinessForm#hasItem>/<http://www.assero.co.uk/BusinessForm#hasCommonItem>"
- "<http://www.assero.co.uk/BusinessForm#hasGroup>/<http://www.assero.co.uk/BusinessForm#hasSubGroup>/<http://www.assero.co.uk/BusinessForm#hasItem>/<http://www.assero.co.uk/BusinessForm#hasCommonItem>/<http://www.assero.co.uk/ISO11179Concepts#tagged>"
- "<http://www.assero.co.uk/BusinessForm#hasGroup>/<http://www.assero.co.uk/BusinessForm#hasSubGroup>/<http://www.assero.co.uk/BusinessForm#hasItem>/<http://www.assero.co.uk/BusinessForm#hasCommonItem>/<http://www.assero.co.uk/BusinessForm#hasProperty>"
- "<http://www.assero.co.uk/BusinessForm#hasGroup>/<http://www.assero.co.uk/BusinessForm#hasSubGroup>/<http://www.assero.co.uk/BusinessForm#hasItem>/<http://www.assero.co.uk/BusinessForm#hasCommonItem>/<http://www.assero.co.uk/BusinessForm#hasCodedValue>"
- "<http://www.assero.co.uk/BusinessForm#hasGroup>/<http://www.assero.co.uk/BusinessForm#hasSubGroup>/<http://www.assero.co.uk/BusinessForm#hasItem>/<http://www.assero.co.uk/BusinessForm#hasCommonItem>/<http://www.assero.co.uk/BusinessForm#hasCodedValue>/<http://www.assero.co.uk/ISO11179Concepts#tagged>"
- "<http://www.assero.co.uk/BusinessForm#hasGroup>/<http://www.assero.co.uk/BusinessForm#hasSubGroup>/<http://www.assero.co.uk/BusinessForm#hasBiomedicalConcept>"
- "<http://www.assero.co.uk/BusinessForm#hasGroup>/<http://www.assero.co.uk/BusinessForm#hasCommon>"
- "<http://www.assero.co.uk/BusinessForm#hasGroup>/<http://www.assero.co.uk/BusinessForm#hasCommon>/<http://www.assero.co.uk/ISO11179Concepts#tagged>"
- "<http://www.assero.co.uk/BusinessForm#hasGroup>/<http://www.assero.co.uk/BusinessForm#hasCommon>/<http://www.assero.co.uk/BusinessForm#hasItem>"
- "<http://www.assero.co.uk/BusinessForm#hasGroup>/<http://www.assero.co.uk/BusinessForm#hasCommon>/<http://www.assero.co.uk/BusinessForm#hasItem>/<http://www.assero.co.uk/ISO11179Concepts#tagged>"
- "<http://www.assero.co.uk/BusinessForm#hasGroup>/<http://www.assero.co.uk/BusinessForm#hasCommon>/<http://www.assero.co.uk/BusinessForm#hasItem>/<http://www.assero.co.uk/BusinessForm#hasProperty>"
- "<http://www.assero.co.uk/BusinessForm#hasGroup>/<http://www.assero.co.uk/BusinessForm#hasCommon>/<http://www.assero.co.uk/BusinessForm#hasItem>/<http://www.assero.co.uk/BusinessForm#hasCodedValue>"
- "<http://www.assero.co.uk/BusinessForm#hasGroup>/<http://www.assero.co.uk/BusinessForm#hasCommon>/<http://www.assero.co.uk/BusinessForm#hasItem>/<http://www.assero.co.uk/BusinessForm#hasCodedValue>/<http://www.assero.co.uk/ISO11179Concepts#tagged>"
- "<http://www.assero.co.uk/BusinessForm#hasGroup>/<http://www.assero.co.uk/BusinessForm#hasCommon>/<http://www.assero.co.uk/BusinessForm#hasItem>/<http://www.assero.co.uk/BusinessForm#hasCommonItem>"
- "<http://www.assero.co.uk/BusinessForm#hasGroup>/<http://www.assero.co.uk/BusinessForm#hasCommon>/<http://www.assero.co.uk/BusinessForm#hasItem>/<http://www.assero.co.uk/BusinessForm#hasCommonItem>/<http://www.assero.co.uk/ISO11179Concepts#tagged>"
- "<http://www.assero.co.uk/BusinessForm#hasGroup>/<http://www.assero.co.uk/BusinessForm#hasCommon>/<http://www.assero.co.uk/BusinessForm#hasItem>/<http://www.assero.co.uk/BusinessForm#hasCommonItem>/<http://www.assero.co.uk/BusinessForm#hasProperty>"
- "<http://www.assero.co.uk/BusinessForm#hasGroup>/<http://www.assero.co.uk/BusinessForm#hasCommon>/<http://www.assero.co.uk/BusinessForm#hasItem>/<http://www.assero.co.uk/BusinessForm#hasCommonItem>/<http://www.assero.co.uk/BusinessForm#hasCodedValue>"
- "<http://www.assero.co.uk/BusinessForm#hasGroup>/<http://www.assero.co.uk/BusinessForm#hasCommon>/<http://www.assero.co.uk/BusinessForm#hasItem>/<http://www.assero.co.uk/BusinessForm#hasCommonItem>/<http://www.assero.co.uk/BusinessForm#hasCodedValue>/<http://www.assero.co.uk/ISO11179Concepts#tagged>"
