---
:type: http://www.example.com/path#rdf_test_type
:id: ''
:namespace: ''
:label: label
:extension_properties: []
:ordinal: 1
:note: Hello!
:completion: ''
:optional: false
:is_common: true
:property_ref:
  :type: http://www.assero.co.uk/BusinessOperational#Reference
  :id: ''
  :namespace: ''
  :label: ''
  :extension_properties: []
  :enabled: true
  :optional: false
  :ordinal: 0
  :local_label: ''
  :subject_ref:
    :namespace: http://www.example.com/path
    :id: test
:children: []
