---
- :identifier: C71253
  :definition: A unit of length defined by the U.S. National Bureau of Standards as
    30.48 centimeters. It is equal to 0.3048 meter, 12 inches, or to approximately
    0.999998 survey foot.(NCI)
  :label: International Foot
  :notation: ft
  :preferred_term: International Foot
  :synonym: Foot
  :extensible: false
  :id: aHR0cDovL3d3dy5jZGlzYy5vcmcvQzcxNjIwL1Y2I0M3MTYyMF9DNzEyNTM=
- :identifier: C49668
  :definition: A basic unit of length equal to one hundredth of a meter or approximately
    0.393700787 inch.
  :label: Centimeter
  :notation: cm
  :preferred_term: Centimeter
  :synonym: Centimeter
  :extensible: false
  :id: aHR0cDovL3d3dy5jZGlzYy5vcmcvQzY2NzcwL1YzNCNDNjY3NzBfQzQ5NjY4
- :identifier: C48500
  :definition: A traditional unit of length equal to 2.54 centimeters. (NCI)
  :label: Inch
  :notation: in
  :preferred_term: Inch
  :synonym: Inch
  :extensible: false
  :id: aHR0cDovL3d3dy5jZGlzYy5vcmcvQzY2NzcwL1Y0MiNDNjY3NzBfQzQ4NTAw
- :identifier: C41139
  :definition: A meter is defined as the length of the path traveled by light in a
    vacuum during a time interval of 1/299 792 458 of a second and is equal to 1.093
    61 yards.(NCI)
  :label: Meter
  :notation: m
  :preferred_term: Meter
  :synonym: Meter
  :extensible: false
  :id: aHR0cDovL3d3dy5jZGlzYy5vcmcvQzcxNjIwL1Y2I0M3MTYyMF9DNDExMzk=
