PREFIX bf: <http://www.assero.co.uk/BusinessForm#>
PREFIX bo: <http://www.assero.co.uk/BusinessOperational#>
PREFIX rdf: <http://www.w3.org/1999/02/22-rdf-syntax-ns#>
PREFIX rdfs: <http://www.w3.org/2000/01/rdf-schema#>
PREFIX xsd: <http://www.w3.org/2001/XMLSchema#>
PREFIX skos: <http://www.w3.org/2004/02/skos/core#>
INSERT DATA 
{ 
<http://www.example.com/path#XXXX_I1> rdf:type <http://www.example.com/path#rdf_test_type> . 
<http://www.example.com/path#XXXX_I1> rdfs:label "label"^^xsd:string . 
<http://www.example.com/path#XXXX_I1> bf:ordinal "1"^^xsd:positiveInteger . 
<http://www.example.com/path#XXXX_I1> bf:note ""^^xsd:string . 
<http://www.example.com/path#XXXX_I1> bf:completion ""^^xsd:string . 
<http://www.example.com/path#XXXX_I1> bf:optional "false"^^xsd:boolean . 
<http://www.example.com/path#XXXX_I1> bf:is_common "true"^^xsd:boolean . 
<http://www.example.com/path#XXXX_I1_PR0> rdf:type <http://www.assero.co.uk/BusinessOperational#PReference> . 
<http://www.example.com/path#XXXX_I1_PR0> rdfs:label "BC Property Reference"^^xsd:string . 
<http://www.example.com/path#XXXX_I1_PR0> bo:hasProperty <http://www.example.com/path#test> . 
<http://www.example.com/path#XXXX_I1_PR0> bo:enabled "true"^^xsd:boolean . 
<http://www.example.com/path#XXXX_I1_PR0> bo:optional "false"^^xsd:boolean . 
<http://www.example.com/path#XXXX_I1_PR0> bo:ordinal "0"^^xsd:positiveInteger . 
<http://www.example.com/path#XXXX_I1_PR0> bo:local_label ""^^xsd:string . 
<http://www.example.com/path#XXXX_I1> bf:hasProperty <http://www.example.com/path#XXXX_I1_PR0> . 
}