---
:type: http://www.assero.co.uk/BusinessForm#Placeholder
:id: F-ACME_T2_G1_I1
:namespace: http://www.assero.co.uk/MDRForms/ACME/V1
:label: Placeholder
:extension_properties: []
:ordinal: 1
:note: ''
:completion: ''
:optional: false
:free_text: Placeholder Test Form No. 2
