---
- :identifier: F_BASELINE
  :label: Baseline Visit Form
- :identifier: F_WEEK_1_2
  :label: Week 1 and 2 Form
- :identifier: F_DIARY
  :label: Diary Form
- :identifier: F_AE
  :label: Adverse Event Form (ACRO)
- :identifier: F_CM
  :label: Prior or Concomitant Medications (ACRO)
- :identifier: F_LAB
  :label: Laboratory
- :identifier: F_ERROR
  :label: Laboratory
