---
:operation:
  :action: CREATE
  :new_version: '1'
  :new_semantic_version: 6.2.1
  :new_state: Standard
  :identifier_edit: true
:managed_item:
  :type: ''
  :id: ''
  :namespace: ''
  :label: xxx
  :extension_properties: []
  :origin: ''
  :change_description: ''
  :creation_date: '2018-01-01'
  :last_changed_date: '2019-09-19T11:46:04+02:00'
  :explanatory_comment: ''
  :registration_state:
    :namespace: http://www.assero.co.uk/MDRItems
    :id: ''
    :registration_authority:
      :id: 
      :uri: {}
      :rdf_type: http://www.assero.co.uk/ISO11179Registration#RegistrationAuthority
      :organization_identifier: "<Not Set>"
      :international_code_designator: DUNS
      :owner: false
      :ra_namespace: 
    :registration_status: Not_Set
    :administrative_note: ''
    :effective_date: '2016-01-01T00:00:00+00:00'
    :until_date: '2016-01-01T00:00:00+00:00'
    :current: false
    :unresolved_issue: ''
    :administrative_status: ''
    :previous_state: Not_Set
  :scoped_identifier:
    :id: ''
    :identifier: IDENT
    :version_label: some label
    :version: 0
    :semantic_version: 0.0.0
    :namespace:
      :id: 
      :uri: {}
      :rdf_type: http://www.assero.co.uk/ISO11179Identification#Namespace
      :short_name: ''
      :name: ''
      :authority: ''
  :ordinal: 4
