PREFIX th: <http://www.assero.co.uk/Thesaurus#>
PREFIX isoC: <http://www.assero.co.uk/ISO11179Concepts#>
PREFIX rdf: <http://www.w3.org/1999/02/22-rdf-syntax-ns#>
PREFIX rdfs: <http://www.w3.org/2000/01/rdf-schema#>
PREFIX xsd: <http://www.w3.org/2001/XMLSchema#>
PREFIX skos: <http://www.w3.org/2004/02/skos/core#>
INSERT DATA 
{ 
<http://www.example.com/path#parent> rdf:type th:Subset . 
<http://www.example.com/path#parent> isoC:label "TEST"^^xsd:string . 
<http://www.example.com/path#parent> th:members <http://www.example.com/path#member> . 
}