---
:type: http://www.assero.co.uk/BusinessDomain#Model
:id: IG-CDISC_SDTMIG
:namespace: http://www.assero.co.uk/MDRSdtmIg/CDISC/V1
:label: SDTM Implementation Guide 2017-01-01
:extension_properties: []
:origin: ''
:change_description: ''
:creation_date: '2017-01-01T00:00:00+00:00'
:last_changed_date: '2017-01-01T00:00:00+00:00'
:explanatory_comment: ''
:registration_state:
  :namespace: http://www.assero.co.uk/MDRItems
  :id: RS-CDISC_SDTMIG-1
  :registration_authority:
    :id: RA-084433759
    :number: 084433759
    :scheme: DUNS
    :owner: false
    :namespace:
      :namespace: http://www.assero.co.uk/MDRItems
      :id: NS-CDISC
      :name: Clinical Data Interchange Standards Consortium
      :shortName: CDISC
  :registration_status: Standard
  :administrative_note: ''
  :effective_date: '2016-01-01T00:00:00+00:00'
  :until_date: '2016-01-01T00:00:00+00:00'
  :current: false
  :unresolved_issue: ''
  :administrative_status: ''
  :previous_state: Incomplete
:scoped_identifier:
  :id: SI-CDISC_SDTMIG-1
  :identifier: SDTM IG
  :version_label: Version Label
  :version: 1
  :semantic_version: 0.1.0
  :namespace:
    :namespace: http://www.assero.co.uk/MDRItems
    :id: NS-CDISC
    :name: Clinical Data Interchange Standards Consortium
    :shortName: CDISC
:ordinal: 1
:rule: ''
:domain_refs: []
