---
:type: http://www.assero.co.uk/BusinessDomain#ImplementationGuide
:id: IG-CDISC_SDTMIG
:namespace: http://www.assero.co.uk/MDRSdtmIg/CDISC/V3
:label: SDTM Implementation Guide 2013-11-26
:extension_properties: []
:origin: ''
:change_description: ''
:creation_date: '2013-11-26T00:00:00+00:00'
:last_changed_date: '2013-11-26T00:00:00+00:00'
:explanatory_comment: ''
:registration_state:
  :namespace: http://www.assero.co.uk/MDRItems
  :id: RS-CDISC_SDTMIG-3
  :registration_authority:
    :uri: http://www.assero.co.uk/RA#DUNS084433759
    :rdf_type: http://www.assero.co.uk/ISO11179Registration#RegistrationAuthority
    :organization_identifier: '084433759'
    :international_code_designator: DUNS
    :owner: false
    :ra_namespace:
      :uri: http://www.assero.co.uk/NS#CDISC
      :rdf_type: http://www.assero.co.uk/ISO11179Identification#Namespace
      :short_name: CDISC
      :name: Clinical Data Interchange Standards Consortium
      :authority: www.cdisc.org
  :registration_status: Standard
  :administrative_note: ''
  :effective_date: '2016-01-01T00:00:00+00:00'
  :until_date: '2016-01-01T00:00:00+00:00'
  :current: false
  :unresolved_issue: ''
  :administrative_status: ''
  :previous_state: Incomplete
:scoped_identifier:
  :id: SI-CDISC_SDTMIG-3
  :identifier: SDTM IG
  :version_label: '3.2'
  :version: 3
  :semantic_version: 3.2.0
  :namespace:
    :uri: http://www.assero.co.uk/NS#CDISC
    :rdf_type: http://www.assero.co.uk/ISO11179Identification#Namespace
    :short_name: CDISC
    :name: Clinical Data Interchange Standards Consortium
    :authority: www.cdisc.org
:ordinal: 1
:rule: ''
:domain_refs:
- :type: http://www.assero.co.uk/BusinessOperational#TReference
  :id: IG-CDISC_SDTMIG_TR1
  :namespace: http://www.assero.co.uk/MDRSdtmIg/CDISC/V3
  :label: Tabulation Reference
  :extension_properties: []
  :enabled: true
  :optional: false
  :ordinal: 1
  :local_label: ''
  :subject_ref:
    :namespace: http://www.assero.co.uk/MDRSdtmIgD/CDISC/V3
    :id: IG-CDISC_SDTMIGAE
- :type: http://www.assero.co.uk/BusinessOperational#TReference
  :id: IG-CDISC_SDTMIG_TR2
  :namespace: http://www.assero.co.uk/MDRSdtmIg/CDISC/V3
  :label: Tabulation Reference
  :extension_properties: []
  :enabled: true
  :optional: false
  :ordinal: 2
  :local_label: ''
  :subject_ref:
    :namespace: http://www.assero.co.uk/MDRSdtmIgD/CDISC/V3
    :id: IG-CDISC_SDTMIGCE
- :type: http://www.assero.co.uk/BusinessOperational#TReference
  :id: IG-CDISC_SDTMIG_TR3
  :namespace: http://www.assero.co.uk/MDRSdtmIg/CDISC/V3
  :label: Tabulation Reference
  :extension_properties: []
  :enabled: true
  :optional: false
  :ordinal: 3
  :local_label: ''
  :subject_ref:
    :namespace: http://www.assero.co.uk/MDRSdtmIgD/CDISC/V3
    :id: IG-CDISC_SDTMIGCM
- :type: http://www.assero.co.uk/BusinessOperational#TReference
  :id: IG-CDISC_SDTMIG_TR4
  :namespace: http://www.assero.co.uk/MDRSdtmIg/CDISC/V3
  :label: Tabulation Reference
  :extension_properties: []
  :enabled: true
  :optional: false
  :ordinal: 4
  :local_label: ''
  :subject_ref:
    :namespace: http://www.assero.co.uk/MDRSdtmIgD/CDISC/V3
    :id: IG-CDISC_SDTMIGCO
- :type: http://www.assero.co.uk/BusinessOperational#TReference
  :id: IG-CDISC_SDTMIG_TR5
  :namespace: http://www.assero.co.uk/MDRSdtmIg/CDISC/V3
  :label: Tabulation Reference
  :extension_properties: []
  :enabled: true
  :optional: false
  :ordinal: 5
  :local_label: ''
  :subject_ref:
    :namespace: http://www.assero.co.uk/MDRSdtmIgD/CDISC/V3
    :id: IG-CDISC_SDTMIGDA
- :type: http://www.assero.co.uk/BusinessOperational#TReference
  :id: IG-CDISC_SDTMIG_TR6
  :namespace: http://www.assero.co.uk/MDRSdtmIg/CDISC/V3
  :label: Tabulation Reference
  :extension_properties: []
  :enabled: true
  :optional: false
  :ordinal: 6
  :local_label: ''
  :subject_ref:
    :namespace: http://www.assero.co.uk/MDRSdtmIgD/CDISC/V3
    :id: IG-CDISC_SDTMIGDD
- :type: http://www.assero.co.uk/BusinessOperational#TReference
  :id: IG-CDISC_SDTMIG_TR7
  :namespace: http://www.assero.co.uk/MDRSdtmIg/CDISC/V3
  :label: Tabulation Reference
  :extension_properties: []
  :enabled: true
  :optional: false
  :ordinal: 7
  :local_label: ''
  :subject_ref:
    :namespace: http://www.assero.co.uk/MDRSdtmIgD/CDISC/V3
    :id: IG-CDISC_SDTMIGDM
- :type: http://www.assero.co.uk/BusinessOperational#TReference
  :id: IG-CDISC_SDTMIG_TR8
  :namespace: http://www.assero.co.uk/MDRSdtmIg/CDISC/V3
  :label: Tabulation Reference
  :extension_properties: []
  :enabled: true
  :optional: false
  :ordinal: 8
  :local_label: ''
  :subject_ref:
    :namespace: http://www.assero.co.uk/MDRSdtmIgD/CDISC/V3
    :id: IG-CDISC_SDTMIGDS
- :type: http://www.assero.co.uk/BusinessOperational#TReference
  :id: IG-CDISC_SDTMIG_TR9
  :namespace: http://www.assero.co.uk/MDRSdtmIg/CDISC/V3
  :label: Tabulation Reference
  :extension_properties: []
  :enabled: true
  :optional: false
  :ordinal: 9
  :local_label: ''
  :subject_ref:
    :namespace: http://www.assero.co.uk/MDRSdtmIgD/CDISC/V3
    :id: IG-CDISC_SDTMIGDV
- :type: http://www.assero.co.uk/BusinessOperational#TReference
  :id: IG-CDISC_SDTMIG_TR10
  :namespace: http://www.assero.co.uk/MDRSdtmIg/CDISC/V3
  :label: Tabulation Reference
  :extension_properties: []
  :enabled: true
  :optional: false
  :ordinal: 10
  :local_label: ''
  :subject_ref:
    :namespace: http://www.assero.co.uk/MDRSdtmIgD/CDISC/V3
    :id: IG-CDISC_SDTMIGEG
- :type: http://www.assero.co.uk/BusinessOperational#TReference
  :id: IG-CDISC_SDTMIG_TR11
  :namespace: http://www.assero.co.uk/MDRSdtmIg/CDISC/V3
  :label: Tabulation Reference
  :extension_properties: []
  :enabled: true
  :optional: false
  :ordinal: 11
  :local_label: ''
  :subject_ref:
    :namespace: http://www.assero.co.uk/MDRSdtmIgD/CDISC/V3
    :id: IG-CDISC_SDTMIGEX
- :type: http://www.assero.co.uk/BusinessOperational#TReference
  :id: IG-CDISC_SDTMIG_TR12
  :namespace: http://www.assero.co.uk/MDRSdtmIg/CDISC/V3
  :label: Tabulation Reference
  :extension_properties: []
  :enabled: true
  :optional: false
  :ordinal: 12
  :local_label: ''
  :subject_ref:
    :namespace: http://www.assero.co.uk/MDRSdtmIgD/CDISC/V3
    :id: IG-CDISC_SDTMIGFA
- :type: http://www.assero.co.uk/BusinessOperational#TReference
  :id: IG-CDISC_SDTMIG_TR13
  :namespace: http://www.assero.co.uk/MDRSdtmIg/CDISC/V3
  :label: Tabulation Reference
  :extension_properties: []
  :enabled: true
  :optional: false
  :ordinal: 13
  :local_label: ''
  :subject_ref:
    :namespace: http://www.assero.co.uk/MDRSdtmIgD/CDISC/V3
    :id: IG-CDISC_SDTMIGHO
- :type: http://www.assero.co.uk/BusinessOperational#TReference
  :id: IG-CDISC_SDTMIG_TR14
  :namespace: http://www.assero.co.uk/MDRSdtmIg/CDISC/V3
  :label: Tabulation Reference
  :extension_properties: []
  :enabled: true
  :optional: false
  :ordinal: 14
  :local_label: ''
  :subject_ref:
    :namespace: http://www.assero.co.uk/MDRSdtmIgD/CDISC/V3
    :id: IG-CDISC_SDTMIGIE
- :type: http://www.assero.co.uk/BusinessOperational#TReference
  :id: IG-CDISC_SDTMIG_TR15
  :namespace: http://www.assero.co.uk/MDRSdtmIg/CDISC/V3
  :label: Tabulation Reference
  :extension_properties: []
  :enabled: true
  :optional: false
  :ordinal: 15
  :local_label: ''
  :subject_ref:
    :namespace: http://www.assero.co.uk/MDRSdtmIgD/CDISC/V3
    :id: IG-CDISC_SDTMIGIS
- :type: http://www.assero.co.uk/BusinessOperational#TReference
  :id: IG-CDISC_SDTMIG_TR16
  :namespace: http://www.assero.co.uk/MDRSdtmIg/CDISC/V3
  :label: Tabulation Reference
  :extension_properties: []
  :enabled: true
  :optional: false
  :ordinal: 16
  :local_label: ''
  :subject_ref:
    :namespace: http://www.assero.co.uk/MDRSdtmIgD/CDISC/V3
    :id: IG-CDISC_SDTMIGLB
- :type: http://www.assero.co.uk/BusinessOperational#TReference
  :id: IG-CDISC_SDTMIG_TR17
  :namespace: http://www.assero.co.uk/MDRSdtmIg/CDISC/V3
  :label: Tabulation Reference
  :extension_properties: []
  :enabled: true
  :optional: false
  :ordinal: 17
  :local_label: ''
  :subject_ref:
    :namespace: http://www.assero.co.uk/MDRSdtmIgD/CDISC/V3
    :id: IG-CDISC_SDTMIGMB
- :type: http://www.assero.co.uk/BusinessOperational#TReference
  :id: IG-CDISC_SDTMIG_TR18
  :namespace: http://www.assero.co.uk/MDRSdtmIg/CDISC/V3
  :label: Tabulation Reference
  :extension_properties: []
  :enabled: true
  :optional: false
  :ordinal: 18
  :local_label: ''
  :subject_ref:
    :namespace: http://www.assero.co.uk/MDRSdtmIgD/CDISC/V3
    :id: IG-CDISC_SDTMIGMH
- :type: http://www.assero.co.uk/BusinessOperational#TReference
  :id: IG-CDISC_SDTMIG_TR19
  :namespace: http://www.assero.co.uk/MDRSdtmIg/CDISC/V3
  :label: Tabulation Reference
  :extension_properties: []
  :enabled: true
  :optional: false
  :ordinal: 19
  :local_label: ''
  :subject_ref:
    :namespace: http://www.assero.co.uk/MDRSdtmIgD/CDISC/V3
    :id: IG-CDISC_SDTMIGMI
- :type: http://www.assero.co.uk/BusinessOperational#TReference
  :id: IG-CDISC_SDTMIG_TR20
  :namespace: http://www.assero.co.uk/MDRSdtmIg/CDISC/V3
  :label: Tabulation Reference
  :extension_properties: []
  :enabled: true
  :optional: false
  :ordinal: 20
  :local_label: ''
  :subject_ref:
    :namespace: http://www.assero.co.uk/MDRSdtmIgD/CDISC/V3
    :id: IG-CDISC_SDTMIGMO
- :type: http://www.assero.co.uk/BusinessOperational#TReference
  :id: IG-CDISC_SDTMIG_TR21
  :namespace: http://www.assero.co.uk/MDRSdtmIg/CDISC/V3
  :label: Tabulation Reference
  :extension_properties: []
  :enabled: true
  :optional: false
  :ordinal: 21
  :local_label: ''
  :subject_ref:
    :namespace: http://www.assero.co.uk/MDRSdtmIgD/CDISC/V3
    :id: IG-CDISC_SDTMIGMS
- :type: http://www.assero.co.uk/BusinessOperational#TReference
  :id: IG-CDISC_SDTMIG_TR22
  :namespace: http://www.assero.co.uk/MDRSdtmIg/CDISC/V3
  :label: Tabulation Reference
  :extension_properties: []
  :enabled: true
  :optional: false
  :ordinal: 22
  :local_label: ''
  :subject_ref:
    :namespace: http://www.assero.co.uk/MDRSdtmIgD/CDISC/V3
    :id: IG-CDISC_SDTMIGPC
- :type: http://www.assero.co.uk/BusinessOperational#TReference
  :id: IG-CDISC_SDTMIG_TR23
  :namespace: http://www.assero.co.uk/MDRSdtmIg/CDISC/V3
  :label: Tabulation Reference
  :extension_properties: []
  :enabled: true
  :optional: false
  :ordinal: 23
  :local_label: ''
  :subject_ref:
    :namespace: http://www.assero.co.uk/MDRSdtmIgD/CDISC/V3
    :id: IG-CDISC_SDTMIGPE
- :type: http://www.assero.co.uk/BusinessOperational#TReference
  :id: IG-CDISC_SDTMIG_TR24
  :namespace: http://www.assero.co.uk/MDRSdtmIg/CDISC/V3
  :label: Tabulation Reference
  :extension_properties: []
  :enabled: true
  :optional: false
  :ordinal: 24
  :local_label: ''
  :subject_ref:
    :namespace: http://www.assero.co.uk/MDRSdtmIgD/CDISC/V3
    :id: IG-CDISC_SDTMIGPP
- :type: http://www.assero.co.uk/BusinessOperational#TReference
  :id: IG-CDISC_SDTMIG_TR25
  :namespace: http://www.assero.co.uk/MDRSdtmIg/CDISC/V3
  :label: Tabulation Reference
  :extension_properties: []
  :enabled: true
  :optional: false
  :ordinal: 25
  :local_label: ''
  :subject_ref:
    :namespace: http://www.assero.co.uk/MDRSdtmIgD/CDISC/V3
    :id: IG-CDISC_SDTMIGPR
- :type: http://www.assero.co.uk/BusinessOperational#TReference
  :id: IG-CDISC_SDTMIG_TR26
  :namespace: http://www.assero.co.uk/MDRSdtmIg/CDISC/V3
  :label: Tabulation Reference
  :extension_properties: []
  :enabled: true
  :optional: false
  :ordinal: 26
  :local_label: ''
  :subject_ref:
    :namespace: http://www.assero.co.uk/MDRSdtmIgD/CDISC/V3
    :id: IG-CDISC_SDTMIGQS
- :type: http://www.assero.co.uk/BusinessOperational#TReference
  :id: IG-CDISC_SDTMIG_TR27
  :namespace: http://www.assero.co.uk/MDRSdtmIg/CDISC/V3
  :label: Tabulation Reference
  :extension_properties: []
  :enabled: true
  :optional: false
  :ordinal: 27
  :local_label: ''
  :subject_ref:
    :namespace: http://www.assero.co.uk/MDRSdtmIgD/CDISC/V3
    :id: IG-CDISC_SDTMIGRP
- :type: http://www.assero.co.uk/BusinessOperational#TReference
  :id: IG-CDISC_SDTMIG_TR28
  :namespace: http://www.assero.co.uk/MDRSdtmIg/CDISC/V3
  :label: Tabulation Reference
  :extension_properties: []
  :enabled: true
  :optional: false
  :ordinal: 28
  :local_label: ''
  :subject_ref:
    :namespace: http://www.assero.co.uk/MDRSdtmIgD/CDISC/V3
    :id: IG-CDISC_SDTMIGRS
- :type: http://www.assero.co.uk/BusinessOperational#TReference
  :id: IG-CDISC_SDTMIG_TR29
  :namespace: http://www.assero.co.uk/MDRSdtmIg/CDISC/V3
  :label: Tabulation Reference
  :extension_properties: []
  :enabled: true
  :optional: false
  :ordinal: 29
  :local_label: ''
  :subject_ref:
    :namespace: http://www.assero.co.uk/MDRSdtmIgD/CDISC/V3
    :id: IG-CDISC_SDTMIGSC
- :type: http://www.assero.co.uk/BusinessOperational#TReference
  :id: IG-CDISC_SDTMIG_TR30
  :namespace: http://www.assero.co.uk/MDRSdtmIg/CDISC/V3
  :label: Tabulation Reference
  :extension_properties: []
  :enabled: true
  :optional: false
  :ordinal: 30
  :local_label: ''
  :subject_ref:
    :namespace: http://www.assero.co.uk/MDRSdtmIgD/CDISC/V3
    :id: IG-CDISC_SDTMIGSE
- :type: http://www.assero.co.uk/BusinessOperational#TReference
  :id: IG-CDISC_SDTMIG_TR31
  :namespace: http://www.assero.co.uk/MDRSdtmIg/CDISC/V3
  :label: Tabulation Reference
  :extension_properties: []
  :enabled: true
  :optional: false
  :ordinal: 31
  :local_label: ''
  :subject_ref:
    :namespace: http://www.assero.co.uk/MDRSdtmIgD/CDISC/V3
    :id: IG-CDISC_SDTMIGSR
- :type: http://www.assero.co.uk/BusinessOperational#TReference
  :id: IG-CDISC_SDTMIG_TR32
  :namespace: http://www.assero.co.uk/MDRSdtmIg/CDISC/V3
  :label: Tabulation Reference
  :extension_properties: []
  :enabled: true
  :optional: false
  :ordinal: 32
  :local_label: ''
  :subject_ref:
    :namespace: http://www.assero.co.uk/MDRSdtmIgD/CDISC/V3
    :id: IG-CDISC_SDTMIGSU
- :type: http://www.assero.co.uk/BusinessOperational#TReference
  :id: IG-CDISC_SDTMIG_TR33
  :namespace: http://www.assero.co.uk/MDRSdtmIg/CDISC/V3
  :label: Tabulation Reference
  :extension_properties: []
  :enabled: true
  :optional: false
  :ordinal: 33
  :local_label: ''
  :subject_ref:
    :namespace: http://www.assero.co.uk/MDRSdtmIgD/CDISC/V3
    :id: IG-CDISC_SDTMIGSV
- :type: http://www.assero.co.uk/BusinessOperational#TReference
  :id: IG-CDISC_SDTMIG_TR34
  :namespace: http://www.assero.co.uk/MDRSdtmIg/CDISC/V3
  :label: Tabulation Reference
  :extension_properties: []
  :enabled: true
  :optional: false
  :ordinal: 34
  :local_label: ''
  :subject_ref:
    :namespace: http://www.assero.co.uk/MDRSdtmIgD/CDISC/V3
    :id: IG-CDISC_SDTMIGTA
- :type: http://www.assero.co.uk/BusinessOperational#TReference
  :id: IG-CDISC_SDTMIG_TR35
  :namespace: http://www.assero.co.uk/MDRSdtmIg/CDISC/V3
  :label: Tabulation Reference
  :extension_properties: []
  :enabled: true
  :optional: false
  :ordinal: 35
  :local_label: ''
  :subject_ref:
    :namespace: http://www.assero.co.uk/MDRSdtmIgD/CDISC/V3
    :id: IG-CDISC_SDTMIGTE
- :type: http://www.assero.co.uk/BusinessOperational#TReference
  :id: IG-CDISC_SDTMIG_TR36
  :namespace: http://www.assero.co.uk/MDRSdtmIg/CDISC/V3
  :label: Tabulation Reference
  :extension_properties: []
  :enabled: true
  :optional: false
  :ordinal: 36
  :local_label: ''
  :subject_ref:
    :namespace: http://www.assero.co.uk/MDRSdtmIgD/CDISC/V3
    :id: IG-CDISC_SDTMIGTI
- :type: http://www.assero.co.uk/BusinessOperational#TReference
  :id: IG-CDISC_SDTMIG_TR37
  :namespace: http://www.assero.co.uk/MDRSdtmIg/CDISC/V3
  :label: Tabulation Reference
  :extension_properties: []
  :enabled: true
  :optional: false
  :ordinal: 37
  :local_label: ''
  :subject_ref:
    :namespace: http://www.assero.co.uk/MDRSdtmIgD/CDISC/V3
    :id: IG-CDISC_SDTMIGTR
- :type: http://www.assero.co.uk/BusinessOperational#TReference
  :id: IG-CDISC_SDTMIG_TR38
  :namespace: http://www.assero.co.uk/MDRSdtmIg/CDISC/V3
  :label: Tabulation Reference
  :extension_properties: []
  :enabled: true
  :optional: false
  :ordinal: 38
  :local_label: ''
  :subject_ref:
    :namespace: http://www.assero.co.uk/MDRSdtmIgD/CDISC/V3
    :id: IG-CDISC_SDTMIGTS
- :type: http://www.assero.co.uk/BusinessOperational#TReference
  :id: IG-CDISC_SDTMIG_TR39
  :namespace: http://www.assero.co.uk/MDRSdtmIg/CDISC/V3
  :label: Tabulation Reference
  :extension_properties: []
  :enabled: true
  :optional: false
  :ordinal: 39
  :local_label: ''
  :subject_ref:
    :namespace: http://www.assero.co.uk/MDRSdtmIgD/CDISC/V3
    :id: IG-CDISC_SDTMIGTU
- :type: http://www.assero.co.uk/BusinessOperational#TReference
  :id: IG-CDISC_SDTMIG_TR40
  :namespace: http://www.assero.co.uk/MDRSdtmIg/CDISC/V3
  :label: Tabulation Reference
  :extension_properties: []
  :enabled: true
  :optional: false
  :ordinal: 40
  :local_label: ''
  :subject_ref:
    :namespace: http://www.assero.co.uk/MDRSdtmIgD/CDISC/V3
    :id: IG-CDISC_SDTMIGTV
- :type: http://www.assero.co.uk/BusinessOperational#TReference
  :id: IG-CDISC_SDTMIG_TR41
  :namespace: http://www.assero.co.uk/MDRSdtmIg/CDISC/V3
  :label: Tabulation Reference
  :extension_properties: []
  :enabled: true
  :optional: false
  :ordinal: 41
  :local_label: ''
  :subject_ref:
    :namespace: http://www.assero.co.uk/MDRSdtmIgD/CDISC/V3
    :id: IG-CDISC_SDTMIGVS
