---
- :id: aHR0cDovL3d3dy5zLWN1YmVkLmRrL0hFSUdIVC9WMSNCQ0lfQkNJMQ==
  :uri: http://www.s-cubed.dk/HEIGHT/V1#BCI_BCI1
  :label: Test
  :mandatory: true
  :collect: false
  :enabled: true
  :ordinal: 1
  :has_complex_datatype:
    :label: CD
    :has_property:
      :id: aHR0cDovL3d3dy5zLWN1YmVkLmRrL0hFSUdIVC9WMSNCQ0lfQkNJMV9CQ0NEVENEX0JDUGNvZGU=
      :uri: http://www.s-cubed.dk/HEIGHT/V1#BCI_BCI1_BCCDTCD_BCPcode
      :rdf_type: http://www.assero.co.uk/BiomedicalConcept#PropertyX
      :label: code
      :tagged: []
      :question_text: ''
      :prompt_text: ''
      :format: '8'
      :alias: "--TESTCD"
      :has_coded_value:
      - :id: aHR0cDovL3d3dy5zLWN1YmVkLmRrL0hFSUdIVC9WMSNCQ0lfQkNJMV9CQ0NEVENEX0JDUGNvZGVfVFVDMQ==
        :uri: http://www.s-cubed.dk/HEIGHT/V1#BCI_BCI1_BCCDTCD_BCPcode_TUC1
        :rdf_type: http://www.assero.co.uk/BusinessOperational#TucReference
        :label: ''
        :tagged: []
        :enabled: true
        :optional: true
        :ordinal: 1
        :reference: http://www.cdisc.org/C66741/V4#C66741_C25347
        :context: http://www.cdisc.org/C66741/V61#C66741
        :local_label: ''
      :is_a: http://www.s-cubed.dk/CAR#18a302ee283ea042f30ca2cb852a2846f97c9413
      :is_complex_datatype_property: http://www.s-cubed.dk/CDT#CD_code
- :id: aHR0cDovL3d3dy5zLWN1YmVkLmRrL0hFSUdIVC9WMSNCQ0lfQkNJMTE=
  :uri: http://www.s-cubed.dk/HEIGHT/V1#BCI_BCI11
  :label: Result
  :mandatory: true
  :collect: true
  :enabled: true
  :ordinal: 11
  :has_complex_datatype:
    :label: PQR
    :has_property:
      :id: aHR0cDovL3d3dy5zLWN1YmVkLmRrL0hFSUdIVC9WMSNCQ0lfQkNJMTFfQkNDRFRQUVJfQkNQdmFsdWU=
      :uri: http://www.s-cubed.dk/HEIGHT/V1#BCI_BCI11_BCCDTPQR_BCPvalue
      :rdf_type: http://www.assero.co.uk/BiomedicalConcept#PropertyX
      :label: value
      :tagged: []
      :question_text: Result
      :prompt_text: Height
      :format: '5.2'
      :alias: "--ORRES"
      :has_coded_value: []
      :is_a: http://www.s-cubed.dk/CAR#af5f0ce4847da645162514a984a7b88b67016e80
      :is_complex_datatype_property: http://www.s-cubed.dk/CDT#PQR_value
- :id: aHR0cDovL3d3dy5zLWN1YmVkLmRrL0hFSUdIVC9WMSNCQ0lfQkNJMTE=
  :uri: http://www.s-cubed.dk/HEIGHT/V1#BCI_BCI11
  :label: Result
  :mandatory: true
  :collect: true
  :enabled: true
  :ordinal: 11
  :has_complex_datatype:
    :label: PQR
    :has_property:
      :id: aHR0cDovL3d3dy5zLWN1YmVkLmRrL0hFSUdIVC9WMSNCQ0lfQkNJMTFfQkNDRFRQUVJfQkNQY29kZQ==
      :uri: http://www.s-cubed.dk/HEIGHT/V1#BCI_BCI11_BCCDTPQR_BCPcode
      :rdf_type: http://www.assero.co.uk/BiomedicalConcept#PropertyX
      :label: code
      :tagged: []
      :question_text: Unit
      :prompt_text: Unit
      :format: '20'
      :alias: "--ORRESU"
      :has_coded_value:
      - :id: aHR0cDovL3d3dy5zLWN1YmVkLmRrL0hFSUdIVC9WMSNCQ0lfQkNJMTFfQkNDRFRQUVJfQkNQY29kZV9UVUMz
        :uri: http://www.s-cubed.dk/HEIGHT/V1#BCI_BCI11_BCCDTPQR_BCPcode_TUC3
        :rdf_type: http://www.assero.co.uk/BusinessOperational#TucReference
        :label: ''
        :tagged: []
        :enabled: true
        :optional: true
        :ordinal: 3
        :reference: http://www.cdisc.org/C71620/V6#C71620_C41139
        :context: http://www.cdisc.org/C71620/V62#C71620
        :local_label: ''
      - :id: aHR0cDovL3d3dy5zLWN1YmVkLmRrL0hFSUdIVC9WMSNCQ0lfQkNJMTFfQkNDRFRQUVJfQkNQY29kZV9UVUMx
        :uri: http://www.s-cubed.dk/HEIGHT/V1#BCI_BCI11_BCCDTPQR_BCPcode_TUC1
        :rdf_type: http://www.assero.co.uk/BusinessOperational#TucReference
        :label: ''
        :tagged: []
        :enabled: true
        :optional: true
        :ordinal: 1
        :reference: http://www.cdisc.org/C66770/V34#C66770_C49668
        :context: http://www.cdisc.org/C66770/V59#C66770
        :local_label: ''
      - :id: aHR0cDovL3d3dy5zLWN1YmVkLmRrL0hFSUdIVC9WMSNCQ0lfQkNJMTFfQkNDRFRQUVJfQkNQY29kZV9UVUMy
        :uri: http://www.s-cubed.dk/HEIGHT/V1#BCI_BCI11_BCCDTPQR_BCPcode_TUC2
        :rdf_type: http://www.assero.co.uk/BusinessOperational#TucReference
        :label: ''
        :tagged: []
        :enabled: true
        :optional: true
        :ordinal: 2
        :reference: http://www.cdisc.org/C66770/V42#C66770_C48500
        :context: http://www.cdisc.org/C66770/V59#C66770
        :local_label: ''
      - :id: aHR0cDovL3d3dy5zLWN1YmVkLmRrL0hFSUdIVC9WMSNCQ0lfQkNJMTFfQkNDRFRQUVJfQkNQY29kZV9UVUM0
        :uri: http://www.s-cubed.dk/HEIGHT/V1#BCI_BCI11_BCCDTPQR_BCPcode_TUC4
        :rdf_type: http://www.assero.co.uk/BusinessOperational#TucReference
        :label: ''
        :tagged: []
        :enabled: true
        :optional: true
        :ordinal: 4
        :reference: http://www.cdisc.org/C71620/V6#C71620_C71253
        :context: http://www.cdisc.org/C71620/V62#C71620
        :local_label: ''
      :is_a: http://www.s-cubed.dk/CAR#7715259cc4b4ef877c53de5ab0e9673dff58ca35
      :is_complex_datatype_property: http://www.s-cubed.dk/CDT#PQR_code
- :id: aHR0cDovL3d3dy5zLWN1YmVkLmRrL0hFSUdIVC9WMSNCQ0lfQkNJMg==
  :uri: http://www.s-cubed.dk/HEIGHT/V1#BCI_BCI2
  :label: Date Time
  :mandatory: true
  :collect: true
  :enabled: true
  :ordinal: 2
  :has_complex_datatype:
    :label: DATETIME
    :has_property:
      :id: aHR0cDovL3d3dy5zLWN1YmVkLmRrL0hFSUdIVC9WMSNCQ0lfQkNJMl9CQ0NEVERBVEVUSU1FX0JDUHZhbHVl
      :uri: http://www.s-cubed.dk/HEIGHT/V1#BCI_BCI2_BCCDTDATETIME_BCPvalue
      :rdf_type: http://www.assero.co.uk/BiomedicalConcept#PropertyX
      :label: value
      :tagged: []
      :question_text: Date and time
      :prompt_text: Date Time
      :format: ''
      :alias: "--DTC"
      :has_coded_value: []
      :is_a: http://www.s-cubed.dk/CAR#232daabe4ca2dfdb32645c572b1d34ddb4fe9995
      :is_complex_datatype_property: http://www.s-cubed.dk/CDT#DATETIME_value
