---
- :uri: !ruby/object:UriV2
    scheme: http
    authority: www.assero.co.uk
    path: MDRThesaurus/CDISC/V42
    prefix: CLI
    uid: C100144_C103635
    version: ''
  :rdf_type: http://www.assero.co.uk/ISO25964#ThesaurusConcept
- :uri: !ruby/object:UriV2
    scheme: http
    authority: www.assero.co.uk
    path: MDRThesaurus/CDISC/V42
    prefix: CL
    uid: C100129
    version: ''
  :rdf_type: http://www.assero.co.uk/ISO25964#ThesaurusConcept
- :uri: !ruby/object:UriV2
    scheme: http
    authority: www.assero.co.uk
    path: MDRThesaurus/CDISC/V42
    prefix: CLI
    uid: C74456_C114198
    version: ''
  :rdf_type: http://www.assero.co.uk/ISO25964#ThesaurusConcept
- :uri: !ruby/object:UriV2
    scheme: http
    authority: www.assero.co.uk
    path: MDRThesaurus/CDISC/V42
    prefix: CLI
    uid: C71148_C62122
    version: ''
  :rdf_type: http://www.assero.co.uk/ISO25964#ThesaurusConcept
