---
:type: http://www.assero.co.uk/BusinessDomain#ADaMImplementationGuide
:id: AIG-CDISC_ADAMIG
:namespace: http://www.assero.co.uk/MDRAdamIgT/CDISC/V1
:label: ADaM Implementation Guide
:extension_properties: []
:origin: ''
:change_description: ''
:creation_date: '2019-01-23T00:00:00+00:00'
:last_changed_date: '2019-01-23T00:00:00+00:00'
:explanatory_comment: ''
:registration_state:
  :namespace: http://www.assero.co.uk/MDRItems
  :id: RS-CDISC_ADAMIG-1
  :registration_authority:
    :id: aHR0cDovL3d3dy5hc3Nlcm8uY28udWsvUkEjRFVOUzA4NDQzMzc1OQ==
    :uri: http://www.assero.co.uk/RA#DUNS084433759
    :rdf_type: http://www.assero.co.uk/ISO11179Registration#RegistrationAuthority
    :organization_identifier: '084433759'
    :international_code_designator: DUNS
    :owner: false
    :ra_namespace:
      :id: aHR0cDovL3d3dy5hc3Nlcm8uY28udWsvTlMjQ0RJU0M=
      :uri: http://www.assero.co.uk/NS#CDISC
      :rdf_type: http://www.assero.co.uk/ISO11179Identification#Namespace
      :short_name: CDISC
      :name: Clinical Data Interchange Standards Consortium
      :authority: www.cdisc.org
  :registration_status: Standard
  :administrative_note: ''
  :effective_date: '2016-01-01T00:00:00+00:00'
  :until_date: '2016-01-01T00:00:00+00:00'
  :current: false
  :unresolved_issue: ''
  :administrative_status: ''
  :previous_state: Incomplete
:scoped_identifier:
  :id: SI-CDISC_ADAMIG-1
  :identifier: ADAM IG
  :version_label: 1.0.0
  :version: 1
  :semantic_version: 1.0.0
  :namespace:
    :id: aHR0cDovL3d3dy5hc3Nlcm8uY28udWsvTlMjQ0RJU0M=
    :uri: http://www.assero.co.uk/NS#CDISC
    :rdf_type: http://www.assero.co.uk/ISO11179Identification#Namespace
    :short_name: CDISC
    :name: Clinical Data Interchange Standards Consortium
    :authority: www.cdisc.org
:references:
- :type: http://www.assero.co.uk/BusinessOperational#TReference
  :id: AIG-CDISC_ADAMIG_TR1
  :namespace: http://www.assero.co.uk/MDRAdamIgT/CDISC/V1
  :label: Tabulation Reference
  :extension_properties: []
  :enabled: true
  :optional: false
  :ordinal: 1
  :local_label: ''
  :subject_ref:
    :namespace: http://www.assero.co.uk/MDRAdamIgT/CDISC/V1
    :id: AIG-CDISC_ADAMIGADSL
- :type: http://www.assero.co.uk/BusinessOperational#TReference
  :id: AIG-CDISC_ADAMIG_TR2
  :namespace: http://www.assero.co.uk/MDRAdamIgT/CDISC/V1
  :label: Tabulation Reference
  :extension_properties: []
  :enabled: true
  :optional: false
  :ordinal: 2
  :local_label: ''
  :subject_ref:
    :namespace: http://www.assero.co.uk/MDRAdamIgT/CDISC/V1
    :id: AIG-CDISC_ADAMIGBDS
