---
- :label: Screening
  :id: aHR0cDovL3d3dy5hc3Nlcm8uY28udWsvRVAjNTA3ODNhNzE3NjEzMmQ5NjUyYjBkYzhjZTE5N2VkNjdhOTdhODk2Yg==
  :arms:
  - :label: High Dose
    :id: aHR0cDovL3d3dy5hc3Nlcm8uY28udWsvQVJNIzI3N2NhMTFjMDg2ODgyMWE3NDc5NTFkYWQ3NWNhZGMyZWM3MmE1NTA=
    :element:
      :label: Screen
      :id: aHR0cDovL3d3dy5hc3Nlcm8uY28udWsvRUxFI2I4NjJkN2E2LTAwMWUtNDg3MS1iNzI5LWU0YTYyZmM1ZjVjMg==
  - :label: Low Dose
    :id: aHR0cDovL3d3dy5hc3Nlcm8uY28udWsvQVJNIzBhYzFkMjQ1MDM0YTY5M2U4MTYyY2Q1NDExZjY0MWUyYzVkOGMxM2Y=
    :element:
      :label: Screen
      :id: aHR0cDovL3d3dy5hc3Nlcm8uY28udWsvRUxFIzY1YjM4ZGJmLTk4ZjUtNDdjZS04NjE4LTNlMDNkZDEzYWE5Mw==
  - :label: Placebo
    :id: aHR0cDovL3d3dy5hc3Nlcm8uY28udWsvQVJNIzE5YmY1NmI5NWM5NWE3ZmYxZjZiZmY4ZjA3YzA2YzkwNmU3NTAyMmU=
    :element:
      :label: Screen
      :id: aHR0cDovL3d3dy5hc3Nlcm8uY28udWsvRUxFIzdkNzZhZTVlLWZlMDctNDAzYy04ODFlLWM1NDRjOWEwNjNlMg==
- :label: Treatment
  :id: aHR0cDovL3d3dy5hc3Nlcm8uY28udWsvRVAjMjNjODU5ZjRmNzc3ZGM3MmFhMDI5ZGY2Njg2ZmNjZjVmYWVjMTFjZg==
  :arms:
  - :label: High Dose
    :id: aHR0cDovL3d3dy5hc3Nlcm8uY28udWsvQVJNIzI3N2NhMTFjMDg2ODgyMWE3NDc5NTFkYWQ3NWNhZGMyZWM3MmE1NTA=
    :element:
      :label: High Dose
      :id: aHR0cDovL3d3dy5hc3Nlcm8uY28udWsvRUxFI2U0MjllZWU1LWQ3NTYtNDE3Ny05YzA4LTFkN2JhOTY2M2QxZg==
  - :label: Low Dose
    :id: aHR0cDovL3d3dy5hc3Nlcm8uY28udWsvQVJNIzBhYzFkMjQ1MDM0YTY5M2U4MTYyY2Q1NDExZjY0MWUyYzVkOGMxM2Y=
    :element:
      :label: Low Dose
      :id: aHR0cDovL3d3dy5hc3Nlcm8uY28udWsvRUxFI2Q4OTFhN2QyLTNmYmQtNDg1ZS04Zjc0LTRhMmYzMDVkMzA0Nw==
  - :label: Placebo
    :id: aHR0cDovL3d3dy5hc3Nlcm8uY28udWsvQVJNIzE5YmY1NmI5NWM5NWE3ZmYxZjZiZmY4ZjA3YzA2YzkwNmU3NTAyMmU=
    :element:
      :label: Placebo
      :id: aHR0cDovL3d3dy5hc3Nlcm8uY28udWsvRUxFIzg4ZDQwYjIwLTI1ZTUtNDliMS05ZDIwLTA4MmQ5NTVkZTlkMw==
