---
:id: 
:uri: {}
:rdf_type: http://www.assero.co.uk/CrossReference#CrossReference
:label: Cross Reference
:tagged: []
:semantic: ''
:description: The comments
:ordinal: 1
:can_be_deleted: false
:can_be_modified: false
